// Jest Snapshot v1, https://goo.gl/fbAQLP

exports[`Layout matches snapshot 1`] = `
<DocumentFragment>
  <div
    class="font-serif min-h-screen flex flex-col"
  >
    <section
      class="hidden md:block relative w-full px-8 text-gray-300 body-font z-10"
    >
      <div
        class="container flex flex-col flex-wrap items-center justify-between py-5 mx-auto md:flex-row max-w-7xl"
      >
        <a
          class="z-10"
          href="/"
        >
          <test-file-stub
            classname="h-14 select-none cursor-pointer"
          />
        </a>
        <nav
          class="top-0 left-0 z-0 flex items-center justify-center h-full py-5 -ml-0 space-x-5 text-base md:-ml-5 md:py-0"
        />
      </div>
    </section>
    <main />
    <section
      class="py-10 bg-black mt-auto"
    >
      <div
        class="px-10 mx-auto max-w-7xl"
      >
        <div
          class="flex flex-col justify-between text-center md:flex-row"
        >
          <p
            class="order-last text-sm leading-tight text-gray-500 md:order-first"
          >
            <strong>
              Loman Psychologiepraktijk
            </strong>
            <strong>
               | 
            </strong>
            <span>
              Alle rechten voorbehouden
            </span>
          </p>
          <nav
            class="flex flex-row justify-center pb-3 -ml-4 -mr-4 text-sm"
          />
        </div>
      </div>
    </section>
  </div>
</DocumentFragment>
`;
